dn: cn=Key Manager Provider,cn=SSL,cn=config
objectClass: top
objectClass: ds-cfg-file-based-key-manager-provider
objectClass: ds-cfg-key-manager-provider
ds-cfg-key-manager-provider-class: org.opends.server.extensions.FileBasedKeyManagerProvider
cn: Key Manager Provider
ds-cfg-key-manager-provider-enabled: true
ds-cfg-key-store-pin: servercert
ds-cfg-key-store-file: config/keystore
ds-cfg-key-store-type: JKS


